--- 2026-09-17T09:30:58.039259+00:00 ---
🔔 Test de notification du Trading-Bot — 17/09/2026 09:30 UTC.
Si vous lisez ceci sur Telegram/Discord, les notifications sont opérationnelles.

⚠️ Signaux générés automatiquement à partir de données publiques gratuites et d'une analyse algorithmique. Ceci n'est PAS un conseil financier. Aucune stratégie ne garantit un gain. Validez d'abord en paper trading (compte simulé) avant tout passage en argent réel. Vous seul décidez et exécutez vos trades.

--- 2026-09-17T10:07:45.490763+00:00 ---
🔔 Test de notification du Trading-Bot — 17/09/2026 10:07 UTC.
Si vous lisez ceci sur Telegram/Discord, les notifications sont opérationnelles.

⚠️ Signaux générés automatiquement à partir de données publiques gratuites et d'une analyse algorithmique. Ceci n'est PAS un conseil financier. Aucune stratégie ne garantit un gain. Validez d'abord en paper trading (compte simulé) avant tout passage en argent réel. Vous seul décidez et exécutez vos trades.

--- 2026-09-17T13:29:15.434817+00:00 ---
📊 RÉSUMÉ QUOTIDIEN — 17/09/2026 (Europe/Paris)

Signaux proposés : 0
Gagnants (TP) : 0 | Perdants (SL) : 0 | Expirés sans issue : 0 | Encore ouverts : 0
Taux de réussite du jour : n/a (TP / (TP+SL))
Taux de réussite cumulé : n/a sur 0 trades clôturés
P&L théorique net des coûts (somme des % par trade) : jour +0.00 % | cumulé +0.00 %
Signaux fantômes du jour (suivis en silence pour l'apprentissage) : 0

Ce qui a bien fonctionné : pas encore assez de données
Ce qui a mal fonctionné : rien de significatif

Ajustements prévus pour demain :
  • level: win rate 39% sur 67 trades → poids 1.0 → 0.85
  • volume: win rate 35% sur 26 trades → poids 0.75 → 0.637
  • tranche 09h UTC : win rate 25% sur 12 trades → évitée
  • tranches horaires évitées (UTC) : [9]

⚠️ Signaux générés automatiquement à partir de données publiques gratuites et d'une analyse algorithmique. Ceci n'est PAS un conseil financier. Aucune stratégie ne garantit un gain. Validez d'abord en paper trading (compte simulé) avant tout passage en argent réel. Vous seul décidez et exécutez vos trades.

--- 2026-09-17T13:42:51.817182+00:00 ---
🔎 ANALYSE À LA DEMANDE — Bitcoin (BTC/USD) — prix 76103.0

❌ Je m'abstiens : pas de tendance exploitable (ADX 15 min 17.6 < 18.0); tendance 15 min opposée à la direction envisagée.
Actualité : actualité à surveiller (score 5) : State hackers drive 420% surge in onchain malware, Chainalysis finds | Analysis: How Trump could reignite the Fed independence fight after Warsh's rate hike

Lecture des indicateurs :
  • tendance 5 min : EMA20 76505.15 / EMA50 76483.15
  • tendance 15 min : EMA20 76438.90 / EMA50 76354.96
  • tendance 1 h : prix vs EMA20 1 h 76239.90
  • tendance forte (ADX) : ADX15 17.6 (+DI 22.4 / -DI 35.8)
  • volume anormal : volume non fiable sur ce flux : critères volume / VWAP ignorés
  • RSI en momentum : RSI14 5 min 27.3
  • MACD en expansion : histogramme MACD -85.6844
  • niveau clé favorable : support 75805.0 / résistance 75962.1

⚠️ Signaux générés automatiquement à partir de données publiques gratuites et d'une analyse algorithmique. Ceci n'est PAS un conseil financier. Aucune stratégie ne garantit un gain. Validez d'abord en paper trading (compte simulé) avant tout passage en argent réel. Vous seul décidez et exécutez vos trades.

--- 2026-09-17T14:00:00.318694+00:00 ---
Commandes disponibles :
/propose <actif> — analyse immédiate et proposition de trade
/long <actif> [commentaire] — signal manuel à l'achat
/short <actif> [commentaire] — signal manuel à la vente
/status — signaux ouverts
/resume — résumé du jour
Actifs : nasdaq (nq), sp500 (es), bitcoin (btc), ethereum (eth), gold (or)

--- 2026-09-17T14:00:00.660666+00:00 ---
Commandes disponibles :
/propose <actif> — analyse immédiate et proposition de trade
/long <actif> [commentaire] — signal manuel à l'achat
/short <actif> [commentaire] — signal manuel à la vente
/status — signaux ouverts
/resume — résumé du jour
Actifs : nasdaq (nq), sp500 (es), bitcoin (btc), ethereum (eth), gold (or)

--- 2026-09-17T14:00:02.112677+00:00 ---
🔎 ANALYSE À LA DEMANDE — Bitcoin (BTC/USD) — prix 76612.3

❌ Je m'abstiens : pas de tendance exploitable (ADX 15 min 17.8 < 18.0); trop de critères contradictoires.
Actualité : actualité à surveiller (score 4) : State hackers drive 420% surge in onchain malware, Chainalysis finds | Analysis: How Trump could reignite the Fed independence fight after Warsh's rate hike

Lecture des indicateurs :
  • tendance 5 min : EMA20 76440.73 / EMA50 76456.69
  • tendance 15 min : EMA20 76446.21 / EMA50 76361.48
  • tendance 1 h : prix vs EMA20 1 h 76285.91
  • tendance forte (ADX) : ADX15 17.8 (+DI 19.8 / -DI 29.8)
  • volume anormal : volume non fiable sur ce flux : critères volume / VWAP ignorés
  • RSI en momentum : RSI14 5 min 48.9
  • MACD en expansion : histogramme MACD -54.6675
  • niveau clé favorable : support 76355.3 / résistance 76461.8

⚠️ Signaux générés automatiquement à partir de données publiques gratuites et d'une analyse algorithmique. Ceci n'est PAS un conseil financier. Aucune stratégie ne garantit un gain. Validez d'abord en paper trading (compte simulé) avant tout passage en argent réel. Vous seul décidez et exécutez vos trades.

--- 2026-09-17T14:15:33.583984+00:00 ---
📡 SIGNAL 🟢 LONG — Nasdaq 100 (NQ)
Heure : 17/09/2026 16:15 (Europe/Paris) — id ea67e39f0f
Entrée visée : 29674.5
Take Profit  : 29731.5 (+0.19 %)
Stop Loss    : 29636.5 (−0.13 %)
Risque / rendement : 1.5
Confiance : MOYEN (score 3.75, 4 critères alignés)
Justification : Achat : tendance forte (ADX), tendance 15 min, tendance 1 h, prix du bon côté du VWAP. Range horaire moyen ≈ 94.88 (0.32 %), TP = 60 % du range, SL = 40 % du range, probabilité de résolution sous 1 h ≈ 74%.
Actualité : actualité à surveiller (score 2) : Analysis: How Trump could reignite the Fed independence fight after Warsh's rate hike
Validité : jusqu'à 17:15 (Europe/Paris), puis expiration automatique

⚠️ Signaux générés automatiquement à partir de données publiques gratuites et d'une analyse algorithmique. Ceci n'est PAS un conseil financier. Aucune stratégie ne garantit un gain. Validez d'abord en paper trading (compte simulé) avant tout passage en argent réel. Vous seul décidez et exécutez vos trades.

--- 2026-09-17T14:40:34.248582+00:00 ---
✅ TP TOUCHÉ — Nasdaq 100 (NQ) LONG (id ea67e39f0f)
Heure : 17/09/2026 16:27:00 (Europe/Paris)
Entrée 29674.5 → clôture 29731.5 | P&L net +0.182 % (brut +0.192 %)
Durée réelle : 11 min

--- 2026-09-17T14:45:32.796064+00:00 ---
📡 SIGNAL 🟢 LONG — Ethereum (ETH/USD)
Heure : 17/09/2026 16:45 (Europe/Paris) — id 97f982e0d4
Entrée visée : 2462.6
Take Profit  : 2475.1 (+0.51 %)
Stop Loss    : 2454.3 (−0.34 %)
Risque / rendement : 1.51
Confiance : FORT (score 5.72, 6 critères alignés)
Justification : Achat : tendance forte (ADX), niveau clé favorable, RSI en momentum, tendance 15 min, tendance 1 h, tendance 5 min. Range horaire moyen ≈ 20.82 (0.85 %), TP = 60 % du range, SL = 40 % du range, probabilité de résolution sous 1 h ≈ 92%.
Actualité : actualité calme sur les 2 dernières heures
Validité : jusqu'à 17:45 (Europe/Paris), puis expiration automatique

⚠️ Signaux générés automatiquement à partir de données publiques gratuites et d'une analyse algorithmique. Ceci n'est PAS un conseil financier. Aucune stratégie ne garantit un gain. Validez d'abord en paper trading (compte simulé) avant tout passage en argent réel. Vous seul décidez et exécutez vos trades.

